Archive member included to satisfy reference by file (symbol)

c:/st/stm32cubeide_1.0.1/stm32cubeide/plugins/com.st.stm32cube.ide.mcu.externaltools.gnu-tools-for-stm32.7-2018-q2-update.win32_1.0.0.201904181610/tools/bin/../lib/gcc/arm-none-eabi/7.3.1/../../../../arm-none-eabi/lib/thumb/v7e-m/fpv4-sp/hard\libc_nano.a(lib_a-errno.o)
                              Src/syscalls.o (__errno)
c:/st/stm32cubeide_1.0.1/stm32cubeide/plugins/com.st.stm32cube.ide.mcu.externaltools.gnu-tools-for-stm32.7-2018-q2-update.win32_1.0.0.201904181610/tools/bin/../lib/gcc/arm-none-eabi/7.3.1/../../../../arm-none-eabi/lib/thumb/v7e-m/fpv4-sp/hard\libc_nano.a(lib_a-exit.o)
                              c:/st/stm32cubeide_1.0.1/stm32cubeide/plugins/com.st.stm32cube.ide.mcu.externaltools.gnu-tools-for-stm32.7-2018-q2-update.win32_1.0.0.201904181610/tools/bin/../lib/gcc/arm-none-eabi/7.3.1/../../../../arm-none-eabi/lib/thumb/v7e-m/fpv4-sp/hard/crt0.o (exit)
c:/st/stm32cubeide_1.0.1/stm32cubeide/plugins/com.st.stm32cube.ide.mcu.externaltools.gnu-tools-for-stm32.7-2018-q2-update.win32_1.0.0.201904181610/tools/bin/../lib/gcc/arm-none-eabi/7.3.1/../../../../arm-none-eabi/lib/thumb/v7e-m/fpv4-sp/hard\libc_nano.a(lib_a-impure.o)
                              c:/st/stm32cubeide_1.0.1/stm32cubeide/plugins/com.st.stm32cube.ide.mcu.externaltools.gnu-tools-for-stm32.7-2018-q2-update.win32_1.0.0.201904181610/tools/bin/../lib/gcc/arm-none-eabi/7.3.1/../../../../arm-none-eabi/lib/thumb/v7e-m/fpv4-sp/hard\libc_nano.a(lib_a-exit.o) (_global_impure_ptr)
c:/st/stm32cubeide_1.0.1/stm32cubeide/plugins/com.st.stm32cube.ide.mcu.externaltools.gnu-tools-for-stm32.7-2018-q2-update.win32_1.0.0.201904181610/tools/bin/../lib/gcc/arm-none-eabi/7.3.1/../../../../arm-none-eabi/lib/thumb/v7e-m/fpv4-sp/hard\libc_nano.a(lib_a-init.o)
                              c:/st/stm32cubeide_1.0.1/stm32cubeide/plugins/com.st.stm32cube.ide.mcu.externaltools.gnu-tools-for-stm32.7-2018-q2-update.win32_1.0.0.201904181610/tools/bin/../lib/gcc/arm-none-eabi/7.3.1/../../../../arm-none-eabi/lib/thumb/v7e-m/fpv4-sp/hard/crt0.o (__libc_init_array)
c:/st/stm32cubeide_1.0.1/stm32cubeide/plugins/com.st.stm32cube.ide.mcu.externaltools.gnu-tools-for-stm32.7-2018-q2-update.win32_1.0.0.201904181610/tools/bin/../lib/gcc/arm-none-eabi/7.3.1/../../../../arm-none-eabi/lib/thumb/v7e-m/fpv4-sp/hard\libc_nano.a(lib_a-memset.o)
                              c:/st/stm32cubeide_1.0.1/stm32cubeide/plugins/com.st.stm32cube.ide.mcu.externaltools.gnu-tools-for-stm32.7-2018-q2-update.win32_1.0.0.201904181610/tools/bin/../lib/gcc/arm-none-eabi/7.3.1/../../../../arm-none-eabi/lib/thumb/v7e-m/fpv4-sp/hard/crt0.o (memset)
c:/st/stm32cubeide_1.0.1/stm32cubeide/plugins/com.st.stm32cube.ide.mcu.externaltools.gnu-tools-for-stm32.7-2018-q2-update.win32_1.0.0.201904181610/tools/bin/../lib/gcc/arm-none-eabi/7.3.1/thumb/v7e-m/fpv4-sp/hard\libgcc.a(_arm_addsubdf3.o)
                              Src/main.o (__aeabi_dsub)
c:/st/stm32cubeide_1.0.1/stm32cubeide/plugins/com.st.stm32cube.ide.mcu.externaltools.gnu-tools-for-stm32.7-2018-q2-update.win32_1.0.0.201904181610/tools/bin/../lib/gcc/arm-none-eabi/7.3.1/thumb/v7e-m/fpv4-sp/hard\libgcc.a(_arm_muldivdf3.o)
                              Src/main.o (__aeabi_dmul)
c:/st/stm32cubeide_1.0.1/stm32cubeide/plugins/com.st.stm32cube.ide.mcu.externaltools.gnu-tools-for-stm32.7-2018-q2-update.win32_1.0.0.201904181610/tools/bin/../lib/gcc/arm-none-eabi/7.3.1/thumb/v7e-m/fpv4-sp/hard\libgcc.a(_arm_fixdfsi.o)
                              Src/main.o (__aeabi_d2iz)
c:/st/stm32cubeide_1.0.1/stm32cubeide/plugins/com.st.stm32cube.ide.mcu.externaltools.gnu-tools-for-stm32.7-2018-q2-update.win32_1.0.0.201904181610/tools/bin/../lib/gcc/arm-none-eabi/7.3.1/thumb/v7e-m/fpv4-sp/hard\libgcc.a(_arm_fixunsdfsi.o)
                              Src/main.o (__aeabi_d2uiz)
c:/st/stm32cubeide_1.0.1/stm32cubeide/plugins/com.st.stm32cube.ide.mcu.externaltools.gnu-tools-for-stm32.7-2018-q2-update.win32_1.0.0.201904181610/tools/bin/../lib/gcc/arm-none-eabi/7.3.1/thumb/v7e-m/fpv4-sp/hard\libgcc.a(_aeabi_uldivmod.o)
                              Drivers/STM32F4xx_HAL_Driver/Src/stm32f4xx_hal_rcc.o (__aeabi_uldivmod)
c:/st/stm32cubeide_1.0.1/stm32cubeide/plugins/com.st.stm32cube.ide.mcu.externaltools.gnu-tools-for-stm32.7-2018-q2-update.win32_1.0.0.201904181610/tools/bin/../lib/gcc/arm-none-eabi/7.3.1/thumb/v7e-m/fpv4-sp/hard\libgcc.a(_udivmoddi4.o)
                              c:/st/stm32cubeide_1.0.1/stm32cubeide/plugins/com.st.stm32cube.ide.mcu.externaltools.gnu-tools-for-stm32.7-2018-q2-update.win32_1.0.0.201904181610/tools/bin/../lib/gcc/arm-none-eabi/7.3.1/thumb/v7e-m/fpv4-sp/hard\libgcc.a(_aeabi_uldivmod.o) (__udivmoddi4)
c:/st/stm32cubeide_1.0.1/stm32cubeide/plugins/com.st.stm32cube.ide.mcu.externaltools.gnu-tools-for-stm32.7-2018-q2-update.win32_1.0.0.201904181610/tools/bin/../lib/gcc/arm-none-eabi/7.3.1/thumb/v7e-m/fpv4-sp/hard\libgcc.a(_dvmd_tls.o)
[...]
Memory Configuration

Name             Origin             Length             Attributes
FLASH            0x0000000008000000 0x0000000000200000 xr
CCMRAM           0x0000000010000000 0x0000000000010000 xrw
RAM              0x0000000020000000 0x0000000000030000 xrw
*default*        0x0000000000000000 0xffffffffffffffff

Linker script and memory map

LOAD c:/st/stm32cubeide_1.0.1/stm32cubeide/plugins/com.st.stm32cube.ide.mcu.externaltools.gnu-tools-for-stm32.7-2018-q2-update.win32_1.0.0.201904181610/tools/bin/../lib/gcc/arm-none-eabi/7.3.1/thumb/v7e-m/fpv4-sp/hard/crti.o
LOAD c:/st/stm32cubeide_1.0.1/stm32cubeide/plugins/com.st.stm32cube.ide.mcu.externaltools.gnu-tools-for-stm32.7-2018-q2-update.win32_1.0.0.201904181610/tools/bin/../lib/gcc/arm-none-eabi/7.3.1/thumb/v7e-m/fpv4-sp/hard/crtbegin.o
LOAD c:/st/stm32cubeide_1.0.1/stm32cubeide/plugins/com.st.stm32cube.ide.mcu.externaltools.gnu-tools-for-stm32.7-2018-q2-update.win32_1.0.0.201904181610/tools/bin/../lib/gcc/arm-none-eabi/7.3.1/../../../../arm-none-eabi/lib/thumb/v7e-m/fpv4-sp/hard/crt0.o
LOAD Drivers/STM32F4xx_HAL_Driver/Src/stm32f4xx_hal.o
LOAD Drivers/STM32F4xx_HAL_Driver/Src/stm32f4xx_hal_adc.o
LOAD Drivers/STM32F4xx_HAL_Driver/Src/stm32f4xx_hal_adc_ex.o
LOAD Drivers/STM32F4xx_HAL_Driver/Src/stm32f4xx_hal_cortex.o
LOAD Drivers/STM32F4xx_HAL_Driver/Src/stm32f4xx_hal_dma.o
LOAD Drivers/STM32F4xx_HAL_Driver/Src/stm32f4xx_hal_dma_ex.o
LOAD Drivers/STM32F4xx_HAL_Driver/Src/stm32f4xx_hal_exti.o
LOAD Drivers/STM32F4xx_HAL_Driver/Src/stm32f4xx_hal_flash.o
LOAD Drivers/STM32F4xx_HAL_Driver/Src/stm32f4xx_hal_flash_ex.o
LOAD Drivers/STM32F4xx_HAL_Driver/Src/stm32f4xx_hal_flash_ramfunc.o
LOAD Drivers/STM32F4xx_HAL_Driver/Src/stm32f4xx_hal_gpio.o
LOAD Drivers/STM32F4xx_HAL_Driver/Src/stm32f4xx_hal_pwr.o
LOAD Drivers/STM32F4xx_HAL_Driver/Src/stm32f4xx_hal_pwr_ex.o
LOAD Drivers/STM32F4xx_HAL_Driver/Src/stm32f4xx_hal_rcc.o
LOAD Drivers/STM32F4xx_HAL_Driver/Src/stm32f4xx_hal_rcc_ex.o
LOAD Drivers/STM32F4xx_HAL_Driver/Src/stm32f4xx_hal_spi.o
LOAD Drivers/STM32F4xx_HAL_Driver/Src/stm32f4xx_hal_tim.o
LOAD Drivers/STM32F4xx_HAL_Driver/Src/stm32f4xx_hal_tim_ex.o
LOAD Src/adc.o
LOAD Src/dma.o
LOAD Src/gpio.o
LOAD Src/lcd_fonts.o
LOAD Src/lcd_ili9341.o
LOAD Src/lcd_spi.o
LOAD Src/main.o
LOAD Src/spi.o
LOAD Src/stm32f4xx_hal_msp.o
LOAD Src/stm32f4xx_it.o
LOAD Src/syscalls.o
LOAD Src/sysmem.o
LOAD Src/system_stm32f4xx.o
LOAD Startup/startup_stm32f429zitx.o
START GROUP
LOAD c:/st/stm32cubeide_1.0.1/stm32cubeide/plugins/com.st.stm32cube.ide.mcu.externaltools.gnu-tools-for-stm32.7-2018-q2-update.win32_1.0.0.201904181610/tools/bin/../lib/gcc/arm-none-eabi/7.3.1/../../../../arm-none-eabi/lib/thumb/v7e-m/fpv4-sp/hard\libc_nano.a
LOAD c:/st/stm32cubeide_1.0.1/stm32cubeide/plugins/com.st.stm32cube.ide.mcu.externaltools.gnu-tools-for-stm32.7-2018-q2-update.win32_1.0.0.201904181610/tools/bin/../lib/gcc/arm-none-eabi/7.3.1/../../../../arm-none-eabi/lib/thumb/v7e-m/fpv4-sp/hard\libm.a
END GROUP
START GROUP
LOAD c:/st/stm32cubeide_1.0.1/stm32cubeide/plugins/com.st.stm32cube.ide.mcu.externaltools.gnu-tools-for-stm32.7-2018-q2-update.win32_1.0.0.201904181610/tools/bin/../lib/gcc/arm-none-eabi/7.3.1/thumb/v7e-m/fpv4-sp/hard\libgcc.a
LOAD c:/st/stm32cubeide_1.0.1/stm32cubeide/plugins/com.st.stm32cube.ide.mcu.externaltools.gnu-tools-for-stm32.7-2018-q2-update.win32_1.0.0.201904181610/tools/bin/../lib/gcc/arm-none-eabi/7.3.1/../../../../arm-none-eabi/lib/thumb/v7e-m/fpv4-sp/hard\libc_nano.a
END GROUP
START GROUP
LOAD c:/st/stm32cubeide_1.0.1/stm32cubeide/plugins/com.st.stm32cube.ide.mcu.externaltools.gnu-tools-for-stm32.7-2018-q2-update.win32_1.0.0.201904181610/tools/bin/../lib/gcc/arm-none-eabi/7.3.1/thumb/v7e-m/fpv4-sp/hard\libgcc.a
LOAD c:/st/stm32cubeide_1.0.1/stm32cubeide/plugins/com.st.stm32cube.ide.mcu.externaltools.gnu-tools-for-stm32.7-2018-q2-update.win32_1.0.0.201904181610/tools/bin/../lib/gcc/arm-none-eabi/7.3.1/../../../../arm-none-eabi/lib/thumb/v7e-m/fpv4-sp/hard\libc_nano.a
LOAD c:/st/stm32cubeide_1.0.1/stm32cubeide/plugins/com.st.stm32cube.ide.mcu.externaltools.gnu-tools-for-stm32.7-2018-q2-update.win32_1.0.0.201904181610/tools/bin/../lib/gcc/arm-none-eabi/7.3.1/../../../../arm-none-eabi/lib/thumb/v7e-m/fpv4-sp/hard\libnosys.a
END GROUP
START GROUP
LOAD c:/st/stm32cubeide_1.0.1/stm32cubeide/plugins/com.st.stm32cube.ide.mcu.externaltools.gnu-tools-for-stm32.7-2018-q2-update.win32_1.0.0.201904181610/tools/bin/../lib/gcc/arm-none-eabi/7.3.1/thumb/v7e-m/fpv4-sp/hard\libgcc.a
LOAD c:/st/stm32cubeide_1.0.1/stm32cubeide/plugins/com.st.stm32cube.ide.mcu.externaltools.gnu-tools-for-stm32.7-2018-q2-update.win32_1.0.0.201904181610/tools/bin/../lib/gcc/arm-none-eabi/7.3.1/../../../../arm-none-eabi/lib/thumb/v7e-m/fpv4-sp/hard\libc_nano.a
LOAD c:/st/stm32cubeide_1.0.1/stm32cubeide/plugins/com.st.stm32cube.ide.mcu.externaltools.gnu-tools-for-stm32.7-2018-q2-update.win32_1.0.0.201904181610/tools/bin/../lib/gcc/arm-none-eabi/7.3.1/../../../../arm-none-eabi/lib/thumb/v7e-m/fpv4-sp/hard\libnosys.a
END GROUP
LOAD c:/st/stm32cubeide_1.0.1/stm32cubeide/plugins/com.st.stm32cube.ide.mcu.externaltools.gnu-tools-for-stm32.7-2018-q2-update.win32_1.0.0.201904181610/tools/bin/../lib/gcc/arm-none-eabi/7.3.1/thumb/v7e-m/fpv4-sp/hard/crtend.o
LOAD c:/st/stm32cubeide_1.0.1/stm32cubeide/plugins/com.st.stm32cube.ide.mcu.externaltools.gnu-tools-for-stm32.7-2018-q2-update.win32_1.0.0.201904181610/tools/bin/../lib/gcc/arm-none-eabi/7.3.1/thumb/v7e-m/fpv4-sp/hard/crtn.o
                0x0000000020030000                _estack = 0x20030000
                0x0000000000000200                _Min_Heap_Size = 0x200
                0x0000000000000400                _Min_Stack_Size = 0x400

.isr_vector     0x0000000008000000      0x1ac
                0x0000000008000000                . = ALIGN (0x4)
 *(.isr_vector)
 .isr_vector    0x0000000008000000      0x1ac Startup/startup_stm32f429zitx.o
                0x0000000008000000                g_pfnVectors
                0x00000000080001ac                . = ALIGN (0x4)

.text           0x00000000080001b0     0x3e70
                0x00000000080001b0                . = ALIGN (0x4)
 *(.text)
 .text          0x00000000080001b0       0x40 c:/st/stm32cubeide_1.0.1/stm32cubeide/plugins/com.st.stm32cube.ide.mcu.externaltools.gnu-tools-for-stm32.7-2018-q2-update.win32_1.0.0.201904181610/tools/bin/../lib/gcc/arm-none-eabi/7.3.1/thumb/v7e-m/fpv4-sp/hard/crtbegin.o
 .text          0x00000000080001f0      0x378 c:/st/stm32cubeide_1.0.1/stm32cubeide/plugins/com.st.stm32cube.ide.mcu.externaltools.gnu-tools-for-stm32.7-2018-q2-update.win32_1.0.0.201904181610/tools/bin/../lib/gcc/arm-none-eabi/7.3.1/thumb/v7e-m/fpv4-sp/hard\libgcc.a(_arm_addsubdf3.o)
                0x00000000080001f0                __aeabi_drsub
                0x00000000080001f8                __aeabi_dsub
                0x00000000080001f8                __subdf3
                0x00000000080001fc                __aeabi_dadd
                0x00000000080001fc                __adddf3
                0x0000000008000474                __floatunsidf
                0x0000000008000474                __aeabi_ui2d
                0x0000000008000494                __floatsidf
                0x0000000008000494                __aeabi_i2d
                0x00000000080004b8                __aeabi_f2d
                0x00000000080004b8                __extendsfdf2
                0x00000000080004fc                __floatundidf
                0x00000000080004fc                __aeabi_ul2d
                0x000000000800050c                __floatdidf
                0x000000000800050c                __aeabi_l2d
 .text          0x0000000008000568      0x424 c:/st/stm32cubeide_1.0.1/stm32cubeide/plugins/com.st.stm32cube.ide.mcu.externaltools.gnu-tools-for-stm32.7-2018-q2-update.win32_1.0.0.201904181610/tools/bin/../lib/gcc/arm-none-eabi/7.3.1/thumb/v7e-m/fpv4-sp/hard\libgcc.a(_arm_muldivdf3.o)
                0x0000000008000568                __aeabi_dmul
                0x0000000008000568                __muldf3
                0x00000000080007bc                __divdf3
                0x00000000080007bc                __aeabi_ddiv
 .text          0x000000000800098c       0x50 c:/st/stm32cubeide_1.0.1/stm32cubeide/plugins/com.st.stm32cube.ide.mcu.externaltools.gnu-tools-for-stm32.7-2018-q2-update.win32_1.0.0.201904181610/tools/bin/../lib/gcc/arm-none-eabi/7.3.1/thumb/v7e-m/fpv4-sp/hard\libgcc.a(_arm_fixdfsi.o)
                0x000000000800098c                __aeabi_d2iz
                0x000000000800098c                __fixdfsi
 .text          0x00000000080009dc       0x30 c:/st/stm32cubeide_1.0.1/stm32cubeide/plugins/com.st.stm32cube.ide.mcu.externaltools.gnu-tools-for-stm32.7-2018-q2-update.win32_1.0.0.201904181610/tools/bin/../lib/gcc/arm-none-eabi/7.3.1/thumb/v7e-m/fpv4-sp/hard\libgcc.a(_aeabi_uldivmod.o)
                0x00000000080009dc                __aeabi_uldivmod
 .text          0x0000000008000a0c      0x2cc c:/st/stm32cubeide_1.0.1/stm32cubeide/plugins/com.st.stm32cube.ide.mcu.externaltools.gnu-tools-for-stm32.7-2018-q2-update.win32_1.0.0.201904181610/tools/bin/../lib/gcc/arm-none-eabi/7.3.1/thumb/v7e-m/fpv4-sp/hard\libgcc.a(_udivmoddi4.o)
                0x0000000008000a0c                __udivmoddi4
 .text          0x0000000008000cd8        0x4 c:/st/stm32cubeide_1.0.1/stm32cubeide/plugins/com.st.stm32cube.ide.mcu.externaltools.gnu-tools-for-stm32.7-2018-q2-update.win32_1.0.0.201904181610/tools/bin/../lib/gcc/arm-none-eabi/7.3.1/thumb/v7e-m/fpv4-sp/hard\libgcc.a(_dvmd_tls.o)
                0x0000000008000cd8                __aeabi_idiv0
                0x0000000008000cd8                __aeabi_ldiv0
 *(.text*)
 .text.HAL_Init
                0x0000000008000cdc       0x44 Drivers/STM32F4xx_HAL_Driver/Src/stm32f4xx_hal.o
                0x0000000008000cdc                HAL_Init
 .text.HAL_InitTick
                0x0000000008000d20       0x60 Drivers/STM32F4xx_HAL_Driver/Src/stm32f4xx_hal.o
                0x0000000008000d20                HAL_InitTick
 .text.HAL_IncTick
                0x0000000008000d80       0x28 Drivers/STM32F4xx_HAL_Driver/Src/stm32f4xx_hal.o
                0x0000000008000d80                HAL_IncTick
 .text.HAL_GetTick
                0x0000000008000da8       0x18 Drivers/STM32F4xx_HAL_Driver/Src/stm32f4xx_hal.o
                0x0000000008000da8                HAL_GetTick
 .text.HAL_ADC_Init
                0x0000000008000dc0       0x86 Drivers/STM32F4xx_HAL_Driver/Src/stm32f4xx_hal_adc.o
                0x0000000008000dc0                HAL_ADC_Init
 *fill*         0x0000000008000e46        0x2 
 .text.HAL_ADC_Start_DMA
                0x0000000008000e48      0x1e4 Drivers/STM32F4xx_HAL_Driver/Src/stm32f4xx_hal_adc.o
                0x0000000008000e48                HAL_ADC_Start_DMA
 .text.HAL_ADC_ConvHalfCpltCallback
                0x000000000800102c       0x14 Drivers/STM32F4xx_HAL_Driver/Src/stm32f4xx_hal_adc.o
                0x000000000800102c                HAL_ADC_ConvHalfCpltCallback
 .text.HAL_ADC_ErrorCallback
                0x0000000008001040       0x14 Drivers/STM32F4xx_HAL_Driver/Src/stm32f4xx_hal_adc.o
                0x0000000008001040                HAL_ADC_ErrorCallback
 .text.HAL_ADC_ConfigChannel
                0x0000000008001054      0x264 Drivers/STM32F4xx_HAL_Driver/Src/stm32f4xx_hal_adc.o
                0x0000000008001054                HAL_ADC_ConfigChannel
 .text.ADC_Init
                0x00000000080012b8      0x1f8 Drivers/STM32F4xx_HAL_Driver/Src/stm32f4xx_hal_adc.o
 .text.ADC_DMAConvCplt
                0x00000000080014b0       0xba Drivers/STM32F4xx_HAL_Driver/Src/stm32f4xx_hal_adc.o
 .text.ADC_DMAHalfConvCplt
                0x000000000800156a       0x1c Drivers/STM32F4xx_HAL_Driver/Src/stm32f4xx_hal_adc.o
 .text.ADC_DMAError
                0x0000000008001586       0x2e Drivers/STM32F4xx_HAL_Driver/Src/stm32f4xx_hal_adc.o
 .text.__NVIC_SetPriorityGrouping
                0x00000000080015b4       0x48 Drivers/STM32F4xx_HAL_Driver/Src/stm32f4xx_hal_cortex.o
 .text.__NVIC_GetPriorityGrouping
                0x00000000080015fc       0x1c Drivers/STM32F4xx_HAL_Driver/Src/stm32f4xx_hal_cortex.o
 .text.__NVIC_EnableIRQ
                0x0000000008001618       0x3c Drivers/STM32F4xx_HAL_Driver/Src/stm32f4xx_hal_cortex.o
 .text.__NVIC_SetPriority
                0x0000000008001654       0x54 Drivers/STM32F4xx_HAL_Driver/Src/stm32f4xx_hal_cortex.o
 .text.NVIC_EncodePriority
                0x00000000080016a8       0x66 Drivers/STM32F4xx_HAL_Driver/Src/stm32f4xx_hal_cortex.o
 *fill*         0x000000000800170e        0x2 
 .text.SysTick_Config
                0x0000000008001710       0x44 Drivers/STM32F4xx_HAL_Driver/Src/stm32f4xx_hal_cortex.o
 .text.HAL_NVIC_SetPriorityGrouping
                0x0000000008001754       0x16 Drivers/STM32F4xx_HAL_Driver/Src/stm32f4xx_hal_cortex.o
                0x0000000008001754                HAL_NVIC_SetPriorityGrouping
 .text.HAL_NVIC_SetPriority
                0x000000000800176a       0x38 Drivers/STM32F4xx_HAL_Driver/Src/stm32f4xx_hal_cortex.o
                0x000000000800176a                HAL_NVIC_SetPriority
 .text.HAL_NVIC_EnableIRQ
                0x00000000080017a2       0x1c Drivers/STM32F4xx_HAL_Driver/Src/stm32f4xx_hal_cortex.o
                0x00000000080017a2                HAL_NVIC_EnableIRQ
 .text.HAL_SYSTICK_Config
                0x00000000080017be       0x18 Drivers/STM32F4xx_HAL_Driver/Src/stm32f4xx_hal_cortex.o
                0x00000000080017be                HAL_SYSTICK_Config
 *fill*         0x00000000080017d6        0x2 
 .text.HAL_DMA_Init
                0x00000000080017d8      0x15c Drivers/STM32F4xx_HAL_Driver/Src/stm32f4xx_hal_dma.o
                0x00000000080017d8                HAL_DMA_Init
 .text.HAL_DMA_Start_IT
                0x0000000008001934       0xc0 Drivers/STM32F4xx_HAL_Driver/Src/stm32f4xx_hal_dma.o
                0x0000000008001934                HAL_DMA_Start_IT
 .text.HAL_DMA_IRQHandler
                0x00000000080019f4      0x314 Drivers/STM32F4xx_HAL_Driver/Src/stm32f4xx_hal_dma.o
                0x00000000080019f4                HAL_DMA_IRQHandler
 .text.DMA_SetConfig
                0x0000000008001d08       0x5c Drivers/STM32F4xx_HAL_Driver/Src/stm32f4xx_hal_dma.o
 .text.DMA_CalcBaseAndBitshift
                0x0000000008001d64       0x6c Drivers/STM32F4xx_HAL_Driver/Src/stm32f4xx_hal_dma.o
 .text.DMA_CheckFifoParam
                0x0000000008001dd0       0xf4 Drivers/STM32F4xx_HAL_Driver/Src/stm32f4xx_hal_dma.o
 .text.HAL_GPIO_Init
                0x0000000008001ec4      0x354 Drivers/STM32F4xx_HAL_Driver/Src/stm32f4xx_hal_gpio.o
                0x0000000008001ec4                HAL_GPIO_Init
 .text.HAL_GPIO_WritePin
                0x0000000008002218       0x32 Drivers/STM32F4xx_HAL_Driver/Src/stm32f4xx_hal_gpio.o
                0x0000000008002218                HAL_GPIO_WritePin
 *fill*         0x000000000800224a        0x2 
 .text.HAL_PWREx_EnableOverDrive
                0x000000000800224c       0xa0 Drivers/STM32F4xx_HAL_Driver/Src/stm32f4xx_hal_pwr_ex.o
                0x000000000800224c                HAL_PWREx_EnableOverDrive
 .text.HAL_RCC_OscConfig
                0x00000000080022ec      0x484 Drivers/STM32F4xx_HAL_Driver/Src/stm32f4xx_hal_rcc.o
                0x00000000080022ec                HAL_RCC_OscConfig
 .text.HAL_RCC_ClockConfig
                0x0000000008002770      0x1c4 Drivers/STM32F4xx_HAL_Driver/Src/stm32f4xx_hal_rcc.o
                0x0000000008002770                HAL_RCC_ClockConfig
 .text.HAL_RCC_GetSysClockFreq
                0x0000000008002934      0x1b0 Drivers/STM32F4xx_HAL_Driver/Src/stm32f4xx_hal_rcc.o
                0x0000000008002934                HAL_RCC_GetSysClockFreq
 .text.HAL_SPI_Init
                0x0000000008002ae4       0xc8 Drivers/STM32F4xx_HAL_Driver/Src/stm32f4xx_hal_spi.o
                0x0000000008002ae4                HAL_SPI_Init
 .text.MX_ADC1_Init
                0x0000000008002bac       0xa4 Src/adc.o
                0x0000000008002bac                MX_ADC1_Init
 .text.HAL_ADC_MspInit
                0x0000000008002c50       0xf0 Src/adc.o
                0x0000000008002c50                HAL_ADC_MspInit
 .text.MX_DMA_Init
                0x0000000008002d40       0x50 Src/dma.o
                0x0000000008002d40                MX_DMA_Init
 .text.MX_GPIO_Init
                0x0000000008002d90       0xbc Src/gpio.o
                0x0000000008002d90                MX_GPIO_Init
 .text.LCD_Init
                0x0000000008002e4c      0x348 Src/lcd_ili9341.o
                0x0000000008002e4c                LCD_Init
 .text.LCD_SendData
                0x0000000008003194       0x44 Src/lcd_ili9341.o
                0x0000000008003194                LCD_SendData
 .text.LCD_SendCmd
                0x00000000080031d8       0x44 Src/lcd_ili9341.o
                0x00000000080031d8                LCD_SendCmd
 .text.LCD_Delay
                0x000000000800321c       0x22 Src/lcd_ili9341.o
                0x000000000800321c                LCD_Delay
 .text.LCD_SetCursorPosition
                0x000000000800323e       0x92 Src/lcd_ili9341.o
                0x000000000800323e                LCD_SetCursorPosition
 .text.LCD_Fill
                0x00000000080032d0       0x94 Src/lcd_ili9341.o
                0x00000000080032d0                LCD_Fill
 .text.LCD_Rotate
                0x0000000008003364       0x88 Src/lcd_ili9341.o
                0x0000000008003364                LCD_Rotate
 .text.LCD_DrawPixel
                0x00000000080033ec       0x44 Src/lcd_ili9341.o
                0x00000000080033ec                LCD_DrawPixel
 .text.LCD_Puts
                0x0000000008003430       0xac Src/lcd_ili9341.o
                0x0000000008003430                LCD_Puts
 .text.LCD_Putc
                0x00000000080034dc       0xf0 Src/lcd_ili9341.o
                0x00000000080034dc                LCD_Putc
 .text.LCD_DrawLine
                0x00000000080035cc      0x164 Src/lcd_ili9341.o
                0x00000000080035cc                LCD_DrawLine
 .text.LCD_DrawRectangle
                0x0000000008003730       0x6e Src/lcd_ili9341.o
                0x0000000008003730                LCD_DrawRectangle
 *fill*         0x000000000800379e        0x2 
 .text.LCD_SPI_Init
                0x00000000080037a0       0xc8 Src/lcd_spi.o
                0x00000000080037a0                LCD_SPI_Init
 .text.LCD_SPI_Send
                0x0000000008003868       0x50 Src/lcd_spi.o
                0x0000000008003868                LCD_SPI_Send
 .text.LCD_SPI_IncBaudrate
                0x00000000080038b8       0x70 Src/lcd_spi.o
                0x00000000080038b8                LCD_SPI_IncBaudrate
 .text.drawGUI  0x0000000008003928      0x1d0 Src/main.o
                0x0000000008003928                drawGUI
 .text.HAL_ADC_ConvCpltCallback
                0x0000000008003af8       0x88 Src/main.o
                0x0000000008003af8                HAL_ADC_ConvCpltCallback
 .text.main     0x0000000008003b80       0x48 Src/main.o
                0x0000000008003b80                main
 .text.SystemClock_Config
                0x0000000008003bc8       0xe0 Src/main.o
                0x0000000008003bc8                SystemClock_Config
 .text.Error_Handler
                0x0000000008003ca8        0xe Src/main.o
                0x0000000008003ca8                Error_Handler
 *fill*         0x0000000008003cb6        0x2 
 .text.MX_SPI5_Init
                0x0000000008003cb8       0x6c Src/spi.o
                0x0000000008003cb8                MX_SPI5_Init
 .text.HAL_SPI_MspInit
                0x0000000008003d24       0xf8 Src/spi.o
                0x0000000008003d24                HAL_SPI_MspInit
 .text.HAL_MspInit
                0x0000000008003e1c       0x50 Src/stm32f4xx_hal_msp.o
                0x0000000008003e1c                HAL_MspInit
 .text.NMI_Handler
                0x0000000008003e6c        0xe Src/stm32f4xx_it.o
                0x0000000008003e6c                NMI_Handler
 .text.HardFault_Handler
                0x0000000008003e7a        0x6 Src/stm32f4xx_it.o
                0x0000000008003e7a                HardFault_Handler
 .text.MemManage_Handler
                0x0000000008003e80        0x6 Src/stm32f4xx_it.o
                0x0000000008003e80                MemManage_Handler
 .text.BusFault_Handler
                0x0000000008003e86        0x6 Src/stm32f4xx_it.o
                0x0000000008003e86                BusFault_Handler
 .text.UsageFault_Handler
                0x0000000008003e8c        0x6 Src/stm32f4xx_it.o
                0x0000000008003e8c                UsageFault_Handler
 .text.SVC_Handler
                0x0000000008003e92        0xe Src/stm32f4xx_it.o
                0x0000000008003e92                SVC_Handler
 .text.DebugMon_Handler
                0x0000000008003ea0        0xe Src/stm32f4xx_it.o
                0x0000000008003ea0                DebugMon_Handler
 .text.PendSV_Handler
                0x0000000008003eae        0xe Src/stm32f4xx_it.o
                0x0000000008003eae                PendSV_Handler
 .text.SysTick_Handler
                0x0000000008003ebc        0xc Src/stm32f4xx_it.o
                0x0000000008003ebc                SysTick_Handler
 .text.DMA2_Stream0_IRQHandler
                0x0000000008003ec8       0x14 Src/stm32f4xx_it.o
                0x0000000008003ec8                DMA2_Stream0_IRQHandler
 .text.DMA2_Stream4_IRQHandler
                0x0000000008003edc       0x14 Src/stm32f4xx_it.o
                0x0000000008003edc                DMA2_Stream4_IRQHandler
 .text.SystemInit
                0x0000000008003ef0       0x6c Src/system_stm32f4xx.o
                0x0000000008003ef0                SystemInit
 .text.Reset_Handler
                0x0000000008003f5c       0x50 Startup/startup_stm32f429zitx.o
                0x0000000008003f5c                Reset_Handler
 .text.Default_Handler
                0x0000000008003fac        0x2 Startup/startup_stm32f429zitx.o
                0x0000000008003fac                RTC_Alarm_IRQHandler
                0x0000000008003fac                HASH_RNG_IRQHandler
                0x0000000008003fac                EXTI2_IRQHandler
                0x0000000008003fac                TIM8_CC_IRQHandler
                0x0000000008003fac                UART8_IRQHandler
                0x0000000008003fac                SPI4_IRQHandler
                0x0000000008003fac                TIM1_CC_IRQHandler
                0x0000000008003fac                DMA2_Stream5_IRQHandler
                0x0000000008003fac                DMA1_Stream5_IRQHandler
                0x0000000008003fac                PVD_IRQHandler
                0x0000000008003fac                SDIO_IRQHandler
                0x0000000008003fac                TAMP_STAMP_IRQHandler
                0x0000000008003fac                CAN2_RX1_IRQHandler
                0x0000000008003fac                EXTI3_IRQHandler
                0x0000000008003fac                TIM8_TRG_COM_TIM14_IRQHandler
                0x0000000008003fac                TIM1_UP_TIM10_IRQHandler
                0x0000000008003fac                TIM8_UP_TIM13_IRQHandler
                0x0000000008003fac                I2C3_ER_IRQHandler
                0x0000000008003fac                EXTI0_IRQHandler
                0x0000000008003fac                I2C2_EV_IRQHandler
                0x0000000008003fac                DMA1_Stream2_IRQHandler
                0x0000000008003fac                CAN1_RX0_IRQHandler
                0x0000000008003fac                FPU_IRQHandler
                0x0000000008003fac                OTG_HS_WKUP_IRQHandler
                0x0000000008003fac                LTDC_ER_IRQHandler
                0x0000000008003fac                CAN2_SCE_IRQHandler
                0x0000000008003fac                DMA2_Stream2_IRQHandler
                0x0000000008003fac                SPI1_IRQHandler
                0x0000000008003fac                TIM6_DAC_IRQHandler
                0x0000000008003fac                TIM1_BRK_TIM9_IRQHandler
                0x0000000008003fac                DCMI_IRQHandler
                0x0000000008003fac                CAN2_RX0_IRQHandler
                0x0000000008003fac                DMA2_Stream3_IRQHandler
                0x0000000008003fac                USART6_IRQHandler
                0x0000000008003fac                USART3_IRQHandler
                0x0000000008003fac                CAN1_RX1_IRQHandler
                0x0000000008003fac                UART5_IRQHandler
                0x0000000008003fac                TIM4_IRQHandler
                0x0000000008003fac                I2C1_EV_IRQHandler
                0x0000000008003fac                DMA1_Stream6_IRQHandler
                0x0000000008003fac                DMA1_Stream1_IRQHandler
                0x0000000008003fac                UART4_IRQHandler
                0x0000000008003fac                TIM3_IRQHandler
                0x0000000008003fac                RCC_IRQHandler
                0x0000000008003fac                TIM8_BRK_TIM12_IRQHandler
                0x0000000008003fac                Default_Handler
                0x0000000008003fac                EXTI15_10_IRQHandler
                0x0000000008003fac                ADC_IRQHandler
                0x0000000008003fac                DMA1_Stream7_IRQHandler
                0x0000000008003fac                SPI5_IRQHandler
                0x0000000008003fac                TIM7_IRQHandler
                0x0000000008003fac                CAN2_TX_IRQHandler
                0x0000000008003fac                TIM5_IRQHandler
                0x0000000008003fac                DMA2_Stream7_IRQHandler
                0x0000000008003fac                I2C3_EV_IRQHandler
                0x0000000008003fac                EXTI9_5_IRQHandler
                0x0000000008003fac                RTC_WKUP_IRQHandler
                0x0000000008003fac                LTDC_IRQHandler
                0x0000000008003fac                ETH_WKUP_IRQHandler
                0x0000000008003fac                SPI2_IRQHandler
                0x0000000008003fac                OTG_HS_EP1_IN_IRQHandler
                0x0000000008003fac                DMA1_Stream0_IRQHandler
                0x0000000008003fac                CAN1_TX_IRQHandler
                0x0000000008003fac                EXTI4_IRQHandler
                0x0000000008003fac                ETH_IRQHandler
                0x0000000008003fac                OTG_HS_EP1_OUT_IRQHandler
                0x0000000008003fac                WWDG_IRQHandler
                0x0000000008003fac                SPI6_IRQHandler
                0x0000000008003fac                TIM2_IRQHandler
                0x0000000008003fac                OTG_FS_WKUP_IRQHandler
                0x0000000008003fac                TIM1_TRG_COM_TIM11_IRQHandler
                0x0000000008003fac                OTG_HS_IRQHandler
                0x0000000008003fac                DMA2D_IRQHandler
                0x0000000008003fac                EXTI1_IRQHandler
                0x0000000008003fac                UART7_IRQHandler
                0x0000000008003fac                USART2_IRQHandler
                0x0000000008003fac                I2C2_ER_IRQHandler
                0x0000000008003fac                DMA2_Stream1_IRQHandler
                0x0000000008003fac                CAN1_SCE_IRQHandler
                0x0000000008003fac                FLASH_IRQHandler
                0x0000000008003fac                USART1_IRQHandler
                0x0000000008003fac                OTG_FS_IRQHandler
                0x0000000008003fac                SPI3_IRQHandler
                0x0000000008003fac                DMA1_Stream4_IRQHandler
                0x0000000008003fac                I2C1_ER_IRQHandler
                0x0000000008003fac                FMC_IRQHandler
                0x0000000008003fac                DMA2_Stream6_IRQHandler
                0x0000000008003fac                SAI1_IRQHandler
                0x0000000008003fac                DMA1_Stream3_IRQHandler
 *fill*         0x0000000008003fae        0x2 
 .text.__libc_init_array
                0x0000000008003fb0       0x48 c:/st/stm32cubeide_1.0.1/stm32cubeide/plugins/com.st.stm32cube.ide.mcu.externaltools.gnu-tools-for-stm32.7-2018-q2-update.win32_1.0.0.201904181610/tools/bin/../lib/gcc/arm-none-eabi/7.3.1/../../../../arm-none-eabi/lib/thumb/v7e-m/fpv4-sp/hard\libc_nano.a(lib_a-init.o)
                0x0000000008003fb0                __libc_init_array
 .text.memset   0x0000000008003ff8       0x10 c:/st/stm32cubeide_1.0.1/stm32cubeide/plugins/com.st.stm32cube.ide.mcu.externaltools.gnu-tools-for-stm32.7-2018-q2-update.win32_1.0.0.201904181610/tools/bin/../lib/gcc/arm-none-eabi/7.3.1/../../../../arm-none-eabi/lib/thumb/v7e-m/fpv4-sp/hard\libc_nano.a(lib_a-memset.o)
                0x0000000008003ff8                memset
 *(.glue_7)
 .glue_7        0x0000000008004008        0x0 linker stubs
 *(.glue_7t)
 .glue_7t       0x0000000008004008        0x0 linker stubs
 *(.eh_frame)
 .eh_frame      0x0000000008004008        0x0 c:/st/stm32cubeide_1.0.1/stm32cubeide/plugins/com.st.stm32cube.ide.mcu.externaltools.gnu-tools-for-stm32.7-2018-q2-update.win32_1.0.0.201904181610/tools/bin/../lib/gcc/arm-none-eabi/7.3.1/thumb/v7e-m/fpv4-sp/hard/crtbegin.o
 *(.init)
 .init          0x0000000008004008        0x4 c:/st/stm32cubeide_1.0.1/stm32cubeide/plugins/com.st.stm32cube.ide.mcu.externaltools.gnu-tools-for-stm32.7-2018-q2-update.win32_1.0.0.201904181610/tools/bin/../lib/gcc/arm-none-eabi/7.3.1/thumb/v7e-m/fpv4-sp/hard/crti.o
                0x0000000008004008                _init
 .init          0x000000000800400c        0x8 c:/st/stm32cubeide_1.0.1/stm32cubeide/plugins/com.st.stm32cube.ide.mcu.externaltools.gnu-tools-for-stm32.7-2018-q2-update.win32_1.0.0.201904181610/tools/bin/../lib/gcc/arm-none-eabi/7.3.1/thumb/v7e-m/fpv4-sp/hard/crtn.o
 *(.fini)
 .fini          0x0000000008004014        0x4 c:/st/stm32cubeide_1.0.1/stm32cubeide/plugins/com.st.stm32cube.ide.mcu.externaltools.gnu-tools-for-stm32.7-2018-q2-update.win32_1.0.0.201904181610/tools/bin/../lib/gcc/arm-none-eabi/7.3.1/thumb/v7e-m/fpv4-sp/hard/crti.o
                0x0000000008004014                _fini
 .fini          0x0000000008004018        0x8 c:/st/stm32cubeide_1.0.1/stm32cubeide/plugins/com.st.stm32cube.ide.mcu.externaltools.gnu-tools-for-stm32.7-2018-q2-update.win32_1.0.0.201904181610/tools/bin/../lib/gcc/arm-none-eabi/7.3.1/thumb/v7e-m/fpv4-sp/hard/crtn.o
                0x0000000008004020                . = ALIGN (0x4)
                0x0000000008004020                _etext = .

.vfp11_veneer   0x0000000008004020        0x0
 .vfp11_veneer  0x0000000008004020        0x0 linker stubs

.v4_bx          0x0000000008004020        0x0
 .v4_bx         0x0000000008004020        0x0 linker stubs

.iplt           0x0000000008004020        0x0
 .iplt          0x0000000008004020        0x0 c:/st/stm32cubeide_1.0.1/stm32cubeide/plugins/com.st.stm32cube.ide.mcu.externaltools.gnu-tools-for-stm32.7-2018-q2-update.win32_1.0.0.201904181610/tools/bin/../lib/gcc/arm-none-eabi/7.3.1/thumb/v7e-m/fpv4-sp/hard/crtbegin.o

.rodata         0x0000000008004020      0x798
                0x0000000008004020                . = ALIGN (0x4)
 *(.rodata)
 .rodata        0x0000000008004020       0x13 Src/main.o
 *(.rodata*)
 *fill*         0x0000000008004033        0x1 
 .rodata.flagBitshiftOffset.7892
                0x0000000008004034        0x8 Drivers/STM32F4xx_HAL_Driver/Src/stm32f4xx_hal_dma.o
 .rodata.LCD_Font7x10
                0x000000000800403c      0x76c Src/lcd_fonts.o
                0x000000000800403c                LCD_Font7x10
 .rodata.AHBPrescTable
                0x00000000080047a8       0x10 Src/system_stm32f4xx.o
                0x00000000080047a8                AHBPrescTable
                0x00000000080047b8                . = ALIGN (0x4)

.ARM.extab      0x00000000080047b8        0x0
                0x00000000080047b8                . = ALIGN (0x4)
 *(.ARM.extab* .gnu.linkonce.armextab.*)
                0x00000000080047b8                . = ALIGN (0x4)

.ARM            0x00000000080047b8        0x8
                0x00000000080047b8                . = ALIGN (0x4)
                0x00000000080047b8                __exidx_start = .
 *(.ARM.exidx*)
 .ARM.exidx     0x00000000080047b8        0x8 c:/st/stm32cubeide_1.0.1/stm32cubeide/plugins/com.st.stm32cube.ide.mcu.externaltools.gnu-tools-for-stm32.7-2018-q2-update.win32_1.0.0.201904181610/tools/bin/../lib/gcc/arm-none-eabi/7.3.1/thumb/v7e-m/fpv4-sp/hard\libgcc.a(_udivmoddi4.o)
                0x00000000080047c0                __exidx_end = .
                0x00000000080047c0                . = ALIGN (0x4)

.rel.dyn        0x00000000080047c0        0x0
 .rel.iplt      0x00000000080047c0        0x0 c:/st/stm32cubeide_1.0.1/stm32cubeide/plugins/com.st.stm32cube.ide.mcu.externaltools.gnu-tools-for-stm32.7-2018-q2-update.win32_1.0.0.201904181610/tools/bin/../lib/gcc/arm-none-eabi/7.3.1/thumb/v7e-m/fpv4-sp/hard/crtbegin.o

.preinit_array  0x00000000080047c0        0x0
                0x00000000080047c0                . = ALIGN (0x4)
                0x00000000080047c0                PROVIDE (__preinit_array_start = .)
 *(.preinit_array*)
                0x00000000080047c0                PROVIDE (__preinit_array_end = .)
                0x00000000080047c0                . = ALIGN (0x4)

.init_array     0x00000000080047c0        0x4
                0x00000000080047c0                . = ALIGN (0x4)
                0x00000000080047c0                PROVIDE (__init_array_start = .)
 *(SORT_BY_NAME(.init_array.*))
 *(.init_array*)
 .init_array    0x00000000080047c0        0x4 c:/st/stm32cubeide_1.0.1/stm32cubeide/plugins/com.st.stm32cube.ide.mcu.externaltools.gnu-tools-for-stm32.7-2018-q2-update.win32_1.0.0.201904181610/tools/bin/../lib/gcc/arm-none-eabi/7.3.1/thumb/v7e-m/fpv4-sp/hard/crtbegin.o
                0x00000000080047c4                PROVIDE (__init_array_end = .)
                0x00000000080047c4                . = ALIGN (0x4)

.fini_array     0x00000000080047c4        0x4
                0x00000000080047c4                . = ALIGN (0x4)
                [!provide]                        PROVIDE (__fini_array_start = .)
 *(SORT_BY_NAME(.fini_array.*))
 *(.fini_array*)
 .fini_array    0x00000000080047c4        0x4 c:/st/stm32cubeide_1.0.1/stm32cubeide/plugins/com.st.stm32cube.ide.mcu.externaltools.gnu-tools-for-stm32.7-2018-q2-update.win32_1.0.0.201904181610/tools/bin/../lib/gcc/arm-none-eabi/7.3.1/thumb/v7e-m/fpv4-sp/hard/crtbegin.o
                [!provide]                        PROVIDE (__fini_array_end = .)
                0x00000000080047c8                . = ALIGN (0x4)
                0x00000000080047c8                _sidata = LOADADDR (.data)

.data           0x0000000020000000       0x14 load address 0x00000000080047c8
                0x0000000020000000                . = ALIGN (0x4)
                0x0000000020000000                _sdata = .
 *(.data)
 *(.data*)
 .data.uwTickPrio
                0x0000000020000000        0x4 Drivers/STM32F4xx_HAL_Driver/Src/stm32f4xx_hal.o
                0x0000000020000000                uwTickPrio
 .data.uwTickFreq
                0x0000000020000004        0x1 Drivers/STM32F4xx_HAL_Driver/Src/stm32f4xx_hal.o
                0x0000000020000004                uwTickFreq
 *fill*         0x0000000020000005        0x3 
 .data.LCD_Font_7x10
                0x0000000020000008        0x8 Src/lcd_fonts.o
                0x0000000020000008                LCD_Font_7x10
 .data.SystemCoreClock
                0x0000000020000010        0x4 Src/system_stm32f4xx.o
                0x0000000020000010                SystemCoreClock
                0x0000000020000014                . = ALIGN (0x4)
                0x0000000020000014                _edata = .

.igot.plt       0x0000000020000014        0x0 load address 0x00000000080047dc
 .igot.plt      0x0000000020000014        0x0 c:/st/stm32cubeide_1.0.1/stm32cubeide/plugins/com.st.stm32cube.ide.mcu.externaltools.gnu-tools-for-stm32.7-2018-q2-update.win32_1.0.0.201904181610/tools/bin/../lib/gcc/arm-none-eabi/7.3.1/thumb/v7e-m/fpv4-sp/hard/crtbegin.o
                0x0000000020000014                . = ALIGN (0x4)

.bss            0x0000000020000014      0x1e8 load address 0x00000000080047dc
                0x0000000020000014                _sbss = .
                0x0000000020000014                __bss_start__ = _sbss
 *(.bss)
 .bss           0x0000000020000014       0x1c c:/st/stm32cubeide_1.0.1/stm32cubeide/plugins/com.st.stm32cube.ide.mcu.externaltools.gnu-tools-for-stm32.7-2018-q2-update.win32_1.0.0.201904181610/tools/bin/../lib/gcc/arm-none-eabi/7.3.1/thumb/v7e-m/fpv4-sp/hard/crtbegin.o
 *(.bss*)
 .bss.SPIhandle
                0x0000000020000030       0x58 Src/lcd_spi.o
 .bss.ADCvalue  0x0000000020000088        0x2 Src/main.o
                0x0000000020000088                ADCvalue
 .bss.voltageValue
                0x000000002000008a        0x2 Src/main.o
                0x000000002000008a                voltageValue
 *(COMMON)
 COMMON         0x000000002000008c        0x4 Drivers/STM32F4xx_HAL_Driver/Src/stm32f4xx_hal.o
                0x000000002000008c                uwTick
 COMMON         0x0000000020000090       0xa8 Src/adc.o
                0x0000000020000090                hadc1
                0x00000000200000d8                hdma_adc1
 COMMON         0x0000000020000138        0xc Src/lcd_ili9341.o
                0x0000000020000138                ILI9341_x
                0x000000002000013c                ILI9341_Opts
                0x0000000020000142                ILI9341_y
 COMMON         0x0000000020000144       0xb8 Src/spi.o
                0x0000000020000144                hspi5
                0x000000002000019c                hdma_spi5_tx
                0x00000000200001fc                . = ALIGN (0x4)
                0x00000000200001fc                _ebss = .
                0x00000000200001fc                __bss_end__ = _ebss

._user_heap_stack
                0x00000000200001fc      0x604 load address 0x00000000080047dc
                0x0000000020000200                . = ALIGN (0x8)
 *fill*         0x00000000200001fc        0x4 
                0x0000000020000200                PROVIDE (end = .)
                [!provide]                        PROVIDE (_end = .)
                0x0000000020000400                . = (. + _Min_Heap_Size)
 *fill*         0x0000000020000200      0x200 
                0x0000000020000800                . = (. + _Min_Stack_Size)
 *fill*         0x0000000020000400      0x400 
                0x0000000020000800                . = ALIGN (0x8)

/DISCARD/
 libc.a(*)
 libm.a(*)
 libgcc.a(*)

.ARM.attributes
                0x0000000000000000       0x30
 *(.ARM.attributes)
 .ARM.attributes
                0x0000000000000000       0x22 c:/st/stm32cubeide_1.0.1/stm32cubeide/plugins/com.st.stm32cube.ide.mcu.externaltools.gnu-tools-for-stm32.7-2018-q2-update.win32_1.0.0.201904181610/tools/bin/../lib/gcc/arm-none-eabi/7.3.1/thumb/v7e-m/fpv4-sp/hard/crti.o
 .ARM.attributes
                0x0000000000000022       0x34 c:/st/stm32cubeide_1.0.1/stm32cubeide/plugins/com.st.stm32cube.ide.mcu.externaltools.gnu-tools-for-stm32.7-2018-q2-update.win32_1.0.0.201904181610/tools/bin/../lib/gcc/arm-none-eabi/7.3.1/thumb/v7e-m/fpv4-sp/hard/crtbegin.o
 .ARM.attributes
                0x0000000000000056       0x39 Drivers/STM32F4xx_HAL_Driver/Src/stm32f4xx_hal.o
 .ARM.attributes
                0x000000000000008f       0x39 Drivers/STM32F4xx_HAL_Driver/Src/stm32f4xx_hal_adc.o
 .ARM.attributes
                0x00000000000000c8       0x39 Drivers/STM32F4xx_HAL_Driver/Src/stm32f4xx_hal_cortex.o
 .ARM.attributes
                0x0000000000000101       0x39 Drivers/STM32F4xx_HAL_Driver/Src/stm32f4xx_hal_dma.o
 .ARM.attributes
                0x000000000000013a       0x39 Drivers/STM32F4xx_HAL_Driver/Src/stm32f4xx_hal_gpio.o
 .ARM.attributes
                0x0000000000000173       0x39 Drivers/STM32F4xx_HAL_Driver/Src/stm32f4xx_hal_pwr_ex.o
 .ARM.attributes
                0x00000000000001ac       0x39 Drivers/STM32F4xx_HAL_Driver/Src/stm32f4xx_hal_rcc.o
 .ARM.attributes
                0x00000000000001e5       0x39 Drivers/STM32F4xx_HAL_Driver/Src/stm32f4xx_hal_spi.o
 .ARM.attributes
                0x000000000000021e       0x39 Src/adc.o
 .ARM.attributes
                0x0000000000000257       0x39 Src/dma.o
 .ARM.attributes
                0x0000000000000290       0x39 Src/gpio.o
 .ARM.attributes
                0x00000000000002c9       0x39 Src/lcd_fonts.o
 .ARM.attributes
                0x0000000000000302       0x39 Src/lcd_ili9341.o
 .ARM.attributes
                0x000000000000033b       0x39 Src/lcd_spi.o
 .ARM.attributes
                0x0000000000000374       0x39 Src/main.o
 .ARM.attributes
                0x00000000000003ad       0x39 Src/spi.o
 .ARM.attributes
                0x00000000000003e6       0x39 Src/stm32f4xx_hal_msp.o
 .ARM.attributes
                0x000000000000041f       0x39 Src/stm32f4xx_it.o
 .ARM.attributes
                0x0000000000000458       0x39 Src/system_stm32f4xx.o
 .ARM.attributes
                0x0000000000000491       0x21 Startup/startup_stm32f429zitx.o
 .ARM.attributes
                0x00000000000004b2       0x34 c:/st/stm32cubeide_1.0.1/stm32cubeide/plugins/com.st.stm32cube.ide.mcu.externaltools.gnu-tools-for-stm32.7-2018-q2-update.win32_1.0.0.201904181610/tools/bin/../lib/gcc/arm-none-eabi/7.3.1/../../../../arm-none-eabi/lib/thumb/v7e-m/fpv4-sp/hard\libc_nano.a(lib_a-init.o)
 .ARM.attributes
                0x00000000000004e6       0x34 c:/st/stm32cubeide_1.0.1/stm32cubeide/plugins/com.st.stm32cube.ide.mcu.externaltools.gnu-tools-for-stm32.7-2018-q2-update.win32_1.0.0.201904181610/tools/bin/../lib/gcc/arm-none-eabi/7.3.1/../../../../arm-none-eabi/lib/thumb/v7e-m/fpv4-sp/hard\libc_nano.a(lib_a-memset.o)
 .ARM.attributes
                0x000000000000051a       0x22 c:/st/stm32cubeide_1.0.1/stm32cubeide/plugins/com.st.stm32cube.ide.mcu.externaltools.gnu-tools-for-stm32.7-2018-q2-update.win32_1.0.0.201904181610/tools/bin/../lib/gcc/arm-none-eabi/7.3.1/thumb/v7e-m/fpv4-sp/hard\libgcc.a(_arm_addsubdf3.o)
 .ARM.attributes
                0x000000000000053c       0x22 c:/st/stm32cubeide_1.0.1/stm32cubeide/plugins/com.st.stm32cube.ide.mcu.externaltools.gnu-tools-for-stm32.7-2018-q2-update.win32_1.0.0.201904181610/tools/bin/../lib/gcc/arm-none-eabi/7.3.1/thumb/v7e-m/fpv4-sp/hard\libgcc.a(_arm_muldivdf3.o)
 .ARM.attributes
                0x000000000000055e       0x22 c:/st/stm32cubeide_1.0.1/stm32cubeide/plugins/com.st.stm32cube.ide.mcu.externaltools.gnu-tools-for-stm32.7-2018-q2-update.win32_1.0.0.201904181610/tools/bin/../lib/gcc/arm-none-eabi/7.3.1/thumb/v7e-m/fpv4-sp/hard\libgcc.a(_arm_fixdfsi.o)
 .ARM.attributes
                0x0000000000000580       0x22 c:/st/stm32cubeide_1.0.1/stm32cubeide/plugins/com.st.stm32cube.ide.mcu.externaltools.gnu-tools-for-stm32.7-2018-q2-update.win32_1.0.0.201904181610/tools/bin/../lib/gcc/arm-none-eabi/7.3.1/thumb/v7e-m/fpv4-sp/hard\libgcc.a(_aeabi_uldivmod.o)
 .ARM.attributes
                0x00000000000005a2       0x34 c:/st/stm32cubeide_1.0.1/stm32cubeide/plugins/com.st.stm32cube.ide.mcu.externaltools.gnu-tools-for-stm32.7-2018-q2-update.win32_1.0.0.201904181610/tools/bin/../lib/gcc/arm-none-eabi/7.3.1/thumb/v7e-m/fpv4-sp/hard\libgcc.a(_udivmoddi4.o)
 .ARM.attributes
                0x00000000000005d6       0x22 c:/st/stm32cubeide_1.0.1/stm32cubeide/plugins/com.st.stm32cube.ide.mcu.externaltools.gnu-tools-for-stm32.7-2018-q2-update.win32_1.0.0.201904181610/tools/bin/../lib/gcc/arm-none-eabi/7.3.1/thumb/v7e-m/fpv4-sp/hard\libgcc.a(_dvmd_tls.o)
 .ARM.attributes
                0x00000000000005f8       0x22 c:/st/stm32cubeide_1.0.1/stm32cubeide/plugins/com.st.stm32cube.ide.mcu.externaltools.gnu-tools-for-stm32.7-2018-q2-update.win32_1.0.0.201904181610/tools/bin/../lib/gcc/arm-none-eabi/7.3.1/thumb/v7e-m/fpv4-sp/hard/crtn.o
OUTPUT(Oscyloskop.elf elf32-littlearm)

.debug_info     0x0000000000000000     0xb183
 .debug_info    0x0000000000000000      0x995 Drivers/STM32F4xx_HAL_Driver/Src/stm32f4xx_hal.o
 .debug_info    0x0000000000000995      0xc9c Drivers/STM32F4xx_HAL_Driver/Src/stm32f4xx_hal_adc.o
 .debug_info    0x0000000000001631      0xe0c Drivers/STM32F4xx_HAL_Driver/Src/stm32f4xx_hal_cortex.o
 .debug_info    0x000000000000243d      0x916 Drivers/STM32F4xx_HAL_Driver/Src/stm32f4xx_hal_dma.o
 .debug_info    0x0000000000002d53      0x77d Drivers/STM32F4xx_HAL_Driver/Src/stm32f4xx_hal_gpio.o
 .debug_info    0x00000000000034d0      0x6f5 Drivers/STM32F4xx_HAL_Driver/Src/stm32f4xx_hal_pwr_ex.o
 .debug_info    0x0000000000003bc5      0x8be Drivers/STM32F4xx_HAL_Driver/Src/stm32f4xx_hal_rcc.o
 .debug_info    0x0000000000004483     0x15e8 Drivers/STM32F4xx_HAL_Driver/Src/stm32f4xx_hal_spi.o
 .debug_info    0x0000000000005a6b      0x9b9 Src/adc.o
 .debug_info    0x0000000000006424      0x568 Src/dma.o
 .debug_info    0x000000000000698c      0x490 Src/gpio.o
 .debug_info    0x0000000000006e1c      0x22b Src/lcd_fonts.o
 .debug_info    0x0000000000007047      0xb4e Src/lcd_ili9341.o
 .debug_info    0x0000000000007b95      0x93e Src/lcd_spi.o
 .debug_info    0x00000000000084d3     0x167b Src/main.o
 .debug_info    0x0000000000009b4e      0x990 Src/spi.o
 .debug_info    0x000000000000a4de      0x32a Src/stm32f4xx_hal_msp.o
 .debug_info    0x000000000000a808      0x43d Src/stm32f4xx_it.o
 .debug_info    0x000000000000ac45      0x51c Src/system_stm32f4xx.o
 .debug_info    0x000000000000b161       0x22 Startup/startup_stm32f429zitx.o

.debug_abbrev   0x0000000000000000     0x20f2
 .debug_abbrev  0x0000000000000000      0x1cb Drivers/STM32F4xx_HAL_Driver/Src/stm32f4xx_hal.o
 .debug_abbrev  0x00000000000001cb      0x205 Drivers/STM32F4xx_HAL_Driver/Src/stm32f4xx_hal_adc.o
 .debug_abbrev  0x00000000000003d0      0x2fa Drivers/STM32F4xx_HAL_Driver/Src/stm32f4xx_hal_cortex.o
 .debug_abbrev  0x00000000000006ca      0x229 Drivers/STM32F4xx_HAL_Driver/Src/stm32f4xx_hal_dma.o
 .debug_abbrev  0x00000000000008f3      0x1c9 Drivers/STM32F4xx_HAL_Driver/Src/stm32f4xx_hal_gpio.o
 .debug_abbrev  0x0000000000000abc      0x1b8 Drivers/STM32F4xx_HAL_Driver/Src/stm32f4xx_hal_pwr_ex.o
 .debug_abbrev  0x0000000000000c74      0x245 Drivers/STM32F4xx_HAL_Driver/Src/stm32f4xx_hal_rcc.o
 .debug_abbrev  0x0000000000000eb9      0x240 Drivers/STM32F4xx_HAL_Driver/Src/stm32f4xx_hal_spi.o
 .debug_abbrev  0x00000000000010f9      0x1aa Src/adc.o
 .debug_abbrev  0x00000000000012a3      0x107 Src/dma.o
 .debug_abbrev  0x00000000000013aa      0x134 Src/gpio.o
 .debug_abbrev  0x00000000000014de       0xc4 Src/lcd_fonts.o
 .debug_abbrev  0x00000000000015a2      0x21f Src/lcd_ili9341.o
 .debug_abbrev  0x00000000000017c1      0x1a6 Src/lcd_spi.o
 .debug_abbrev  0x0000000000001967      0x286 Src/main.o
 .debug_abbrev  0x0000000000001bed      0x1aa Src/spi.o
 .debug_abbrev  0x0000000000001d97       0xef Src/stm32f4xx_hal_msp.o
 .debug_abbrev  0x0000000000001e86      0x149 Src/stm32f4xx_it.o
 .debug_abbrev  0x0000000000001fcf      0x111 Src/system_stm32f4xx.o
 .debug_abbrev  0x00000000000020e0       0x12 Startup/startup_stm32f429zitx.o

.debug_aranges  0x0000000000000000      0x950
 .debug_aranges
                0x0000000000000000      0x100 Drivers/STM32F4xx_HAL_Driver/Src/stm32f4xx_hal.o
 .debug_aranges
                0x0000000000000100       0xe8 Drivers/STM32F4xx_HAL_Driver/Src/stm32f4xx_hal_adc.o
 .debug_aranges
                0x00000000000001e8      0x118 Drivers/STM32F4xx_HAL_Driver/Src/stm32f4xx_hal_cortex.o
 .debug_aranges
                0x0000000000000300       0x90 Drivers/STM32F4xx_HAL_Driver/Src/stm32f4xx_hal_dma.o
 .debug_aranges
                0x0000000000000390       0x58 Drivers/STM32F4xx_HAL_Driver/Src/stm32f4xx_hal_gpio.o
 .debug_aranges
                0x00000000000003e8       0x60 Drivers/STM32F4xx_HAL_Driver/Src/stm32f4xx_hal_pwr_ex.o
 .debug_aranges
                0x0000000000000448       0x88 Drivers/STM32F4xx_HAL_Driver/Src/stm32f4xx_hal_rcc.o
 .debug_aranges
                0x00000000000004d0      0x1d0 Drivers/STM32F4xx_HAL_Driver/Src/stm32f4xx_hal_spi.o
 .debug_aranges
                0x00000000000006a0       0x30 Src/adc.o
 .debug_aranges
                0x00000000000006d0       0x20 Src/dma.o
 .debug_aranges
                0x00000000000006f0       0x20 Src/gpio.o
 .debug_aranges
                0x0000000000000710       0x18 Src/lcd_fonts.o
 .debug_aranges
                0x0000000000000728       0xa0 Src/lcd_ili9341.o
 .debug_aranges
                0x00000000000007c8       0x30 Src/lcd_spi.o
 .debug_aranges
                0x00000000000007f8       0x48 Src/main.o
 .debug_aranges
                0x0000000000000840       0x30 Src/spi.o
 .debug_aranges
                0x0000000000000870       0x20 Src/stm32f4xx_hal_msp.o
 .debug_aranges
                0x0000000000000890       0x70 Src/stm32f4xx_it.o
 .debug_aranges
                0x0000000000000900       0x28 Src/system_stm32f4xx.o
 .debug_aranges
                0x0000000000000928       0x28 Startup/startup_stm32f429zitx.o

.debug_ranges   0x0000000000000000      0x810
 .debug_ranges  0x0000000000000000       0xf0 Drivers/STM32F4xx_HAL_Driver/Src/stm32f4xx_hal.o
 .debug_ranges  0x00000000000000f0       0xd8 Drivers/STM32F4xx_HAL_Driver/Src/stm32f4xx_hal_adc.o
 .debug_ranges  0x00000000000001c8      0x108 Drivers/STM32F4xx_HAL_Driver/Src/stm32f4xx_hal_cortex.o
 .debug_ranges  0x00000000000002d0       0x80 Drivers/STM32F4xx_HAL_Driver/Src/stm32f4xx_hal_dma.o
 .debug_ranges  0x0000000000000350       0x48 Drivers/STM32F4xx_HAL_Driver/Src/stm32f4xx_hal_gpio.o
 .debug_ranges  0x0000000000000398       0x50 Drivers/STM32F4xx_HAL_Driver/Src/stm32f4xx_hal_pwr_ex.o
 .debug_ranges  0x00000000000003e8       0x78 Drivers/STM32F4xx_HAL_Driver/Src/stm32f4xx_hal_rcc.o
 .debug_ranges  0x0000000000000460      0x1c0 Drivers/STM32F4xx_HAL_Driver/Src/stm32f4xx_hal_spi.o
 .debug_ranges  0x0000000000000620       0x20 Src/adc.o
 .debug_ranges  0x0000000000000640       0x10 Src/dma.o
 .debug_ranges  0x0000000000000650       0x10 Src/gpio.o
 .debug_ranges  0x0000000000000660       0x90 Src/lcd_ili9341.o
 .debug_ranges  0x00000000000006f0       0x20 Src/lcd_spi.o
 .debug_ranges  0x0000000000000710       0x38 Src/main.o
 .debug_ranges  0x0000000000000748       0x20 Src/spi.o
 .debug_ranges  0x0000000000000768       0x10 Src/stm32f4xx_hal_msp.o
 .debug_ranges  0x0000000000000778       0x60 Src/stm32f4xx_it.o
 .debug_ranges  0x00000000000007d8       0x18 Src/system_stm32f4xx.o
 .debug_ranges  0x00000000000007f0       0x20 Startup/startup_stm32f429zitx.o

.debug_macro    0x0000000000000000    0x23ad8
 .debug_macro   0x0000000000000000      0x233 Drivers/STM32F4xx_HAL_Driver/Src/stm32f4xx_hal.o
 .debug_macro   0x0000000000000233      0xa5a Drivers/STM32F4xx_HAL_Driver/Src/stm32f4xx_hal.o
 .debug_macro   0x0000000000000c8d      0x18a Drivers/STM32F4xx_HAL_Driver/Src/stm32f4xx_hal.o
 .debug_macro   0x0000000000000e17       0x32 Drivers/STM32F4xx_HAL_Driver/Src/stm32f4xx_hal.o
 .debug_macro   0x0000000000000e49       0x28 Drivers/STM32F4xx_HAL_Driver/Src/stm32f4xx_hal.o
 .debug_macro   0x0000000000000e71       0x22 Drivers/STM32F4xx_HAL_Driver/Src/stm32f4xx_hal.o
 .debug_macro   0x0000000000000e93       0x8e Drivers/STM32F4xx_HAL_Driver/Src/stm32f4xx_hal.o
 .debug_macro   0x0000000000000f21       0x51 Drivers/STM32F4xx_HAL_Driver/Src/stm32f4xx_hal.o
 .debug_macro   0x0000000000000f72       0xef Drivers/STM32F4xx_HAL_Driver/Src/stm32f4xx_hal.o
 .debug_macro   0x0000000000001061       0x6a Drivers/STM32F4xx_HAL_Driver/Src/stm32f4xx_hal.o
 .debug_macro   0x00000000000010cb      0x1df Drivers/STM32F4xx_HAL_Driver/Src/stm32f4xx_hal.o
 .debug_macro   0x00000000000012aa       0x1c Drivers/STM32F4xx_HAL_Driver/Src/stm32f4xx_hal.o
 .debug_macro   0x00000000000012c6       0x22 Drivers/STM32F4xx_HAL_Driver/Src/stm32f4xx_hal.o
 .debug_macro   0x00000000000012e8       0xdf Drivers/STM32F4xx_HAL_Driver/Src/stm32f4xx_hal.o
 .debug_macro   0x00000000000013c7     0x102d Drivers/STM32F4xx_HAL_Driver/Src/stm32f4xx_hal.o
 .debug_macro   0x00000000000023f4      0x11f Drivers/STM32F4xx_HAL_Driver/Src/stm32f4xx_hal.o
 .debug_macro   0x0000000000002513    0x17f81 Drivers/STM32F4xx_HAL_Driver/Src/stm32f4xx_hal.o
 .debug_macro   0x000000000001a494       0x43 Drivers/STM32F4xx_HAL_Driver/Src/stm32f4xx_hal.o
 .debug_macro   0x000000000001a4d7     0x3644 Drivers/STM32F4xx_HAL_Driver/Src/stm32f4xx_hal.o
 .debug_macro   0x000000000001db1b      0x174 Drivers/STM32F4xx_HAL_Driver/Src/stm32f4xx_hal.o
 .debug_macro   0x000000000001dc8f       0x5a Drivers/STM32F4xx_HAL_Driver/Src/stm32f4xx_hal.o
 .debug_macro   0x000000000001dce9      0xca5 Drivers/STM32F4xx_HAL_Driver/Src/stm32f4xx_hal.o
 .debug_macro   0x000000000001e98e      0x9fe Drivers/STM32F4xx_HAL_Driver/Src/stm32f4xx_hal.o
 .debug_macro   0x000000000001f38c       0xed Drivers/STM32F4xx_HAL_Driver/Src/stm32f4xx_hal.o
 .debug_macro   0x000000000001f479      0x117 Drivers/STM32F4xx_HAL_Driver/Src/stm32f4xx_hal.o
 .debug_macro   0x000000000001f590      0x157 Drivers/STM32F4xx_HAL_Driver/Src/stm32f4xx_hal.o
 .debug_macro   0x000000000001f6e7       0x27 Drivers/STM32F4xx_HAL_Driver/Src/stm32f4xx_hal.o
 .debug_macro   0x000000000001f70e      0x287 Drivers/STM32F4xx_HAL_Driver/Src/stm32f4xx_hal.o
 .debug_macro   0x000000000001f995       0x5f Drivers/STM32F4xx_HAL_Driver/Src/stm32f4xx_hal.o
 .debug_macro   0x000000000001f9f4      0x236 Drivers/STM32F4xx_HAL_Driver/Src/stm32f4xx_hal.o
 .debug_macro   0x000000000001fc2a      0x391 Drivers/STM32F4xx_HAL_Driver/Src/stm32f4xx_hal.o
 .debug_macro   0x000000000001ffbb      0x184 Drivers/STM32F4xx_HAL_Driver/Src/stm32f4xx_hal.o
 .debug_macro   0x000000000002013f       0xf9 Drivers/STM32F4xx_HAL_Driver/Src/stm32f4xx_hal.o
 .debug_macro   0x0000000000020238      0x132 Drivers/STM32F4xx_HAL_Driver/Src/stm32f4xx_hal.o
 .debug_macro   0x000000000002036a      0x41d Drivers/STM32F4xx_HAL_Driver/Src/stm32f4xx_hal.o
 .debug_macro   0x0000000000020787       0x2e Drivers/STM32F4xx_HAL_Driver/Src/stm32f4xx_hal.o
 .debug_macro   0x00000000000207b5      0x11a Drivers/STM32F4xx_HAL_Driver/Src/stm32f4xx_hal.o
 .debug_macro   0x00000000000208cf       0xe2 Drivers/STM32F4xx_HAL_Driver/Src/stm32f4xx_hal.o
 .debug_macro   0x00000000000209b1       0x89 Drivers/STM32F4xx_HAL_Driver/Src/stm32f4xx_hal.o
 .debug_macro   0x0000000000020a3a      0x225 Drivers/STM32F4xx_HAL_Driver/Src/stm32f4xx_hal.o
 .debug_macro   0x0000000000020c5f      0x134 Drivers/STM32F4xx_HAL_Driver/Src/stm32f4xx_hal.o
 .debug_macro   0x0000000000020d93      0x1d4 Drivers/STM32F4xx_HAL_Driver/Src/stm32f4xx_hal_adc.o
 .debug_macro   0x0000000000020f67      0x1d3 Drivers/STM32F4xx_HAL_Driver/Src/stm32f4xx_hal_cortex.o
 .debug_macro   0x000000000002113a      0x1d9 Drivers/STM32F4xx_HAL_Driver/Src/stm32f4xx_hal_dma.o
 .debug_macro   0x0000000000021313      0x209 Drivers/STM32F4xx_HAL_Driver/Src/stm32f4xx_hal_gpio.o
 .debug_macro   0x000000000002151c      0x1eb Drivers/STM32F4xx_HAL_Driver/Src/stm32f4xx_hal_pwr_ex.o
 .debug_macro   0x0000000000021707      0x1f7 Drivers/STM32F4xx_HAL_Driver/Src/stm32f4xx_hal_rcc.o
 .debug_macro   0x00000000000218fe      0x1e2 Drivers/STM32F4xx_HAL_Driver/Src/stm32f4xx_hal_spi.o
 .debug_macro   0x0000000000021ae0      0x1ec Src/adc.o
 .debug_macro   0x0000000000021ccc       0x1c Src/adc.o
 .debug_macro   0x0000000000021ce8      0x1ec Src/dma.o
 .debug_macro   0x0000000000021ed4      0x1ec Src/gpio.o
 .debug_macro   0x00000000000220c0      0x1ea Src/lcd_fonts.o
 .debug_macro   0x00000000000222aa       0x22 Src/lcd_fonts.o
 .debug_macro   0x00000000000222cc      0x22f Src/lcd_ili9341.o
 .debug_macro   0x00000000000224fb      0x118 Src/lcd_ili9341.o
 .debug_macro   0x0000000000022613      0x1ea Src/lcd_spi.o
 .debug_macro   0x00000000000227fd      0x2f8 Src/main.o
 .debug_macro   0x0000000000022af5       0x46 Src/main.o
 .debug_macro   0x0000000000022b3b       0x18 Src/main.o
 .debug_macro   0x0000000000022b53       0x3c Src/main.o
 .debug_macro   0x0000000000022b8f       0x34 Src/main.o
 .debug_macro   0x0000000000022bc3       0x52 Src/main.o
 .debug_macro   0x0000000000022c15       0x1f Src/main.o
 .debug_macro   0x0000000000022c34       0x43 Src/main.o
 .debug_macro   0x0000000000022c77       0x20 Src/main.o
 .debug_macro   0x0000000000022c97      0x1a3 Src/main.o
 .debug_macro   0x0000000000022e3a      0x32a Src/main.o
 .debug_macro   0x0000000000023164      0x1e1 Src/main.o
 .debug_macro   0x0000000000023345      0x1ec Src/spi.o
 .debug_macro   0x0000000000023531      0x1e2 Src/stm32f4xx_hal_msp.o
 .debug_macro   0x0000000000023713      0x1ec Src/stm32f4xx_it.o
 .debug_macro   0x00000000000238ff      0x1d9 Src/system_stm32f4xx.o

.debug_line     0x0000000000000000     0xa330
 .debug_line    0x0000000000000000      0x8e1 Drivers/STM32F4xx_HAL_Driver/Src/stm32f4xx_hal.o
 .debug_line    0x00000000000008e1      0xb27 Drivers/STM32F4xx_HAL_Driver/Src/stm32f4xx_hal_adc.o
 .debug_line    0x0000000000001408      0x9e4 Drivers/STM32F4xx_HAL_Driver/Src/stm32f4xx_hal_cortex.o
 .debug_line    0x0000000000001dec      0x98f Drivers/STM32F4xx_HAL_Driver/Src/stm32f4xx_hal_dma.o
 .debug_line    0x000000000000277b      0x8c7 Drivers/STM32F4xx_HAL_Driver/Src/stm32f4xx_hal_gpio.o
 .debug_line    0x0000000000003042      0x7b2 Drivers/STM32F4xx_HAL_Driver/Src/stm32f4xx_hal_pwr_ex.o
 .debug_line    0x00000000000037f4      0x904 Drivers/STM32F4xx_HAL_Driver/Src/stm32f4xx_hal_rcc.o
 .debug_line    0x00000000000040f8     0x1071 Drivers/STM32F4xx_HAL_Driver/Src/stm32f4xx_hal_spi.o
 .debug_line    0x0000000000005169      0x6fd Src/adc.o
 .debug_line    0x0000000000005866      0x6b3 Src/dma.o
 .debug_line    0x0000000000005f19      0x6bb Src/gpio.o
 .debug_line    0x00000000000065d4      0x6ad Src/lcd_fonts.o
 .debug_line    0x0000000000006c81      0x9fb Src/lcd_ili9341.o
 .debug_line    0x000000000000767c      0x713 Src/lcd_spi.o
 .debug_line    0x0000000000007d8f      0x91d Src/main.o
 .debug_line    0x00000000000086ac      0x6f8 Src/spi.o
 .debug_line    0x0000000000008da4      0x6b6 Src/stm32f4xx_hal_msp.o
 .debug_line    0x000000000000945a      0x77e Src/stm32f4xx_it.o
 .debug_line    0x0000000000009bd8      0x6d7 Src/system_stm32f4xx.o
 .debug_line    0x000000000000a2af       0x81 Startup/startup_stm32f429zitx.o

.debug_str      0x0000000000000000    0xd4952
 .debug_str     0x0000000000000000    0xce9cc Drivers/STM32F4xx_HAL_Driver/Src/stm32f4xx_hal.o
                                      0xced49 (size before relaxing)
 .debug_str     0x00000000000ce9cc      0x668 Drivers/STM32F4xx_HAL_Driver/Src/stm32f4xx_hal_adc.o
                                      0xce6ed (size before relaxing)
 .debug_str     0x00000000000cf034      0x3e6 Drivers/STM32F4xx_HAL_Driver/Src/stm32f4xx_hal_cortex.o
                                      0xcea76 (size before relaxing)
 .debug_str     0x00000000000cf41a      0x31d Drivers/STM32F4xx_HAL_Driver/Src/stm32f4xx_hal_dma.o
                                      0xce56b (size before relaxing)
 .debug_str     0x00000000000cf737      0x287 Drivers/STM32F4xx_HAL_Driver/Src/stm32f4xx_hal_gpio.o
                                      0xce3a8 (size before relaxing)
 .debug_str     0x00000000000cf9be      0x141 Drivers/STM32F4xx_HAL_Driver/Src/stm32f4xx_hal_pwr_ex.o
                                      0xce34c (size before relaxing)
 .debug_str     0x00000000000cfaff      0x378 Drivers/STM32F4xx_HAL_Driver/Src/stm32f4xx_hal_rcc.o
                                      0xce54b (size before relaxing)
 .debug_str     0x00000000000cfe77      0x737 Drivers/STM32F4xx_HAL_Driver/Src/stm32f4xx_hal_spi.o
                                      0xce9c4 (size before relaxing)
 .debug_str     0x00000000000d05ae       0x9b Src/adc.o
                                      0xce615 (size before relaxing)
 .debug_str     0x00000000000d0649       0x22 Src/dma.o
                                      0xce67e (size before relaxing)
 .debug_str     0x00000000000d066b       0x25 Src/gpio.o
                                      0xce1cc (size before relaxing)
 .debug_str     0x00000000000d0690       0xde Src/lcd_fonts.o
                                      0xce08d (size before relaxing)
 .debug_str     0x00000000000d076e      0x7f7 Src/lcd_ili9341.o
                                      0xce9ef (size before relaxing)
 .debug_str     0x00000000000d0f65       0x49 Src/lcd_spi.o
                                      0xce5f1 (size before relaxing)
 .debug_str     0x00000000000d0fae     0x37e5 Src/main.o
                                      0xd25c6 (size before relaxing)
 .debug_str     0x00000000000d4793       0x31 Src/spi.o
                                      0xce636 (size before relaxing)
 .debug_str     0x00000000000d47c4       0x1b Src/stm32f4xx_hal_msp.o
                                      0xce131 (size before relaxing)
 .debug_str     0x00000000000d47df       0xe8 Src/stm32f4xx_it.o
                                      0xce33f (size before relaxing)
 .debug_str     0x00000000000d48c7       0x5a Src/system_stm32f4xx.o
                                      0xce164 (size before relaxing)
 .debug_str     0x00000000000d4921       0x31 Startup/startup_stm32f429zitx.o
                                         0x62 (size before relaxing)

.comment        0x0000000000000000       0x7b
 .comment       0x0000000000000000       0x7b Drivers/STM32F4xx_HAL_Driver/Src/stm32f4xx_hal.o
                                         0x7c (size before relaxing)
 .comment       0x000000000000007b       0x7c Drivers/STM32F4xx_HAL_Driver/Src/stm32f4xx_hal_adc.o
 .comment       0x000000000000007b       0x7c Drivers/STM32F4xx_HAL_Driver/Src/stm32f4xx_hal_cortex.o
 .comment       0x000000000000007b       0x7c Drivers/STM32F4xx_HAL_Driver/Src/stm32f4xx_hal_dma.o
 .comment       0x000000000000007b       0x7c Drivers/STM32F4xx_HAL_Driver/Src/stm32f4xx_hal_gpio.o
 .comment       0x000000000000007b       0x7c Drivers/STM32F4xx_HAL_Driver/Src/stm32f4xx_hal_pwr_ex.o
 .comment       0x000000000000007b       0x7c Drivers/STM32F4xx_HAL_Driver/Src/stm32f4xx_hal_rcc.o
 .comment       0x000000000000007b       0x7c Drivers/STM32F4xx_HAL_Driver/Src/stm32f4xx_hal_spi.o
 .comment       0x000000000000007b       0x7c Src/adc.o
 .comment       0x000000000000007b       0x7c Src/dma.o
 .comment       0x000000000000007b       0x7c Src/gpio.o
 .comment       0x000000000000007b       0x7c Src/lcd_fonts.o
 .comment       0x000000000000007b       0x7c Src/lcd_ili9341.o
 .comment       0x000000000000007b       0x7c Src/lcd_spi.o
 .comment       0x000000000000007b       0x7c Src/main.o
 .comment       0x000000000000007b       0x7c Src/spi.o
 .comment       0x000000000000007b       0x7c Src/stm32f4xx_hal_msp.o
 .comment       0x000000000000007b       0x7c Src/stm32f4xx_it.o
 .comment       0x000000000000007b       0x7c Src/system_stm32f4xx.o

.debug_frame    0x0000000000000000     0x2438
 .debug_frame   0x0000000000000000      0x3b4 Drivers/STM32F4xx_HAL_Driver/Src/stm32f4xx_hal.o
 .debug_frame   0x00000000000003b4      0x3fc Drivers/STM32F4xx_HAL_Driver/Src/stm32f4xx_hal_adc.o
 .debug_frame   0x00000000000007b0      0x498 Drivers/STM32F4xx_HAL_Driver/Src/stm32f4xx_hal_cortex.o
 .debug_frame   0x0000000000000c48      0x250 Drivers/STM32F4xx_HAL_Driver/Src/stm32f4xx_hal_dma.o
 .debug_frame   0x0000000000000e98      0x14c Drivers/STM32F4xx_HAL_Driver/Src/stm32f4xx_hal_gpio.o
 .debug_frame   0x0000000000000fe4      0x14c Drivers/STM32F4xx_HAL_Driver/Src/stm32f4xx_hal_pwr_ex.o
 .debug_frame   0x0000000000001130      0x1f0 Drivers/STM32F4xx_HAL_Driver/Src/stm32f4xx_hal_rcc.o
 .debug_frame   0x0000000000001320      0x824 Drivers/STM32F4xx_HAL_Driver/Src/stm32f4xx_hal_spi.o
 .debug_frame   0x0000000000001b44       0x7c Src/adc.o
 .debug_frame   0x0000000000001bc0       0x34 Src/dma.o
 .debug_frame   0x0000000000001bf4       0x34 Src/gpio.o
 .debug_frame   0x0000000000001c28      0x29c Src/lcd_ili9341.o
 .debug_frame   0x0000000000001ec4       0x78 Src/lcd_spi.o
 .debug_frame   0x0000000000001f3c       0xe8 Src/main.o
 .debug_frame   0x0000000000002024       0x74 Src/spi.o
 .debug_frame   0x0000000000002098       0x38 Src/stm32f4xx_hal_msp.o
 .debug_frame   0x00000000000020d0      0x144 Src/stm32f4xx_it.o
 .debug_frame   0x0000000000002214       0x58 Src/system_stm32f4xx.o
 .debug_frame   0x000000000000226c       0x2c c:/st/stm32cubeide_1.0.1/stm32cubeide/plugins/com.st.stm32cube.ide.mcu.externaltools.gnu-tools-for-stm32.7-2018-q2-update.win32_1.0.0.201904181610/tools/bin/../lib/gcc/arm-none-eabi/7.3.1/../../../../arm-none-eabi/lib/thumb/v7e-m/fpv4-sp/hard\libc_nano.a(lib_a-init.o)
 .debug_frame   0x0000000000002298       0x20 c:/st/stm32cubeide_1.0.1/stm32cubeide/plugins/com.st.stm32cube.ide.mcu.externaltools.gnu-tools-for-stm32.7-2018-q2-update.win32_1.0.0.201904181610/tools/bin/../lib/gcc/arm-none-eabi/7.3.1/../../../../arm-none-eabi/lib/thumb/v7e-m/fpv4-sp/hard\libc_nano.a(lib_a-memset.o)
 .debug_frame   0x00000000000022b8       0xac c:/st/stm32cubeide_1.0.1/stm32cubeide/plugins/com.st.stm32cube.ide.mcu.externaltools.gnu-tools-for-stm32.7-2018-q2-update.win32_1.0.0.201904181610/tools/bin/../lib/gcc/arm-none-eabi/7.3.1/thumb/v7e-m/fpv4-sp/hard\libgcc.a(_arm_addsubdf3.o)
 .debug_frame   0x0000000000002364       0x50 c:/st/stm32cubeide_1.0.1/stm32cubeide/plugins/com.st.stm32cube.ide.mcu.externaltools.gnu-tools-for-stm32.7-2018-q2-update.win32_1.0.0.201904181610/tools/bin/../lib/gcc/arm-none-eabi/7.3.1/thumb/v7e-m/fpv4-sp/hard\libgcc.a(_arm_muldivdf3.o)
 .debug_frame   0x00000000000023b4       0x24 c:/st/stm32cubeide_1.0.1/stm32cubeide/plugins/com.st.stm32cube.ide.mcu.externaltools.gnu-tools-for-stm32.7-2018-q2-update.win32_1.0.0.201904181610/tools/bin/../lib/gcc/arm-none-eabi/7.3.1/thumb/v7e-m/fpv4-sp/hard\libgcc.a(_arm_fixdfsi.o)
 .debug_frame   0x00000000000023d8       0x2c c:/st/stm32cubeide_1.0.1/stm32cubeide/plugins/com.st.stm32cube.ide.mcu.externaltools.gnu-tools-for-stm32.7-2018-q2-update.win32_1.0.0.201904181610/tools/bin/../lib/gcc/arm-none-eabi/7.3.1/thumb/v7e-m/fpv4-sp/hard\libgcc.a(_aeabi_uldivmod.o)
 .debug_frame   0x0000000000002404       0x34 c:/st/stm32cubeide_1.0.1/stm32cubeide/plugins/com.st.stm32cube.ide.mcu.externaltools.gnu-tools-for-stm32.7-2018-q2-update.win32_1.0.0.201904181610/tools/bin/../lib/gcc/arm-none-eabi/7.3.1/thumb/v7e-m/fpv4-sp/hard\libgcc.a(_udivmoddi4.o)
